qemu-system-aarch64 -machine virt,virtualization=on \
	-cpu cortex-a53 \
	-serial mon:stdio \
	-device loader,file=build/loader.img,addr=0x70000000,cpu-num=0 \
	-m size=2G \
	-nographic \
	-netdev user,id=mynet0 \
	-device virtio-net-device,netdev=mynet0,mac=52:55:00:d1:55:01
LDR|INFO: altloader for seL4 starting
LDR|INFO: Flags:                0x0000000000000001
             seL4 configured as hypervisor
LDR|INFO: Kernel:      entry:   0x0000008060000000
LDR|INFO: Root server: physmem: 0x0000000062abe000 -- 0x0000000062ac5000
LDR|INFO:              virtmem: 0x000000008a000000 -- 0x000000008a007000
LDR|INFO:              entry  : 0x000000008a000000
LDR|INFO: region: 0x00000000   addr: 0x0000000060000000   size: 0x0000000000246000   offset: 0x0000000000000000   type: 0x0000000000000001
LDR|INFO: region: 0x00000001   addr: 0x0000000062abe000   size: 0x0000000000006ba0   offset: 0x0000000000246000   type: 0x0000000000000001
LDR|INFO: region: 0x00000002   addr: 0x0000000060246000   size: 0x00000000000b7d10   offset: 0x000000000024cba0   type: 0x0000000000000001
LDR|INFO: region: 0x00000003   addr: 0x00000000602fe000   size: 0x0000000000005180   offset: 0x00000000003048b0   type: 0x0000000000000001
LDR|INFO: region: 0x00000004   addr: 0x0000000060304000   size: 0x0000000000000080   offset: 0x0000000000309a30   type: 0x0000000000000001
LDR|INFO: region: 0x00000005   addr: 0x0000000060305000   size: 0x00000000000054d8   offset: 0x0000000000309ab0   type: 0x0000000000000001
LDR|INFO: region: 0x00000006   addr: 0x000000006030b000   size: 0x0000000000000140   offset: 0x000000000030ef88   type: 0x0000000000000001
LDR|INFO: region: 0x00000007   addr: 0x000000006030c000   size: 0x0000000000004d68   offset: 0x000000000030f0c8   type: 0x0000000000000001
LDR|INFO: region: 0x00000008   addr: 0x0000000060311000   size: 0x0000000000000070   offset: 0x0000000000313e30   type: 0x0000000000000001
LDR|INFO: region: 0x00000009   addr: 0x0000000060312000   size: 0x00000000000162c0   offset: 0x0000000000313ea0   type: 0x0000000000000001
LDR|INFO: region: 0x0000000a   addr: 0x0000000060329000   size: 0x00000000027944e0   offset: 0x000000000032a160   type: 0x0000000000000001
LDR|INFO: copying region 0x00000000
LDR|INFO: copying region 0x00000001
LDR|INFO: copying region 0x00000002
LDR|INFO: copying region 0x00000003
LDR|INFO: copying region 0x00000004
LDR|INFO: copying region 0x00000005
LDR|INFO: copying region 0x00000006
LDR|INFO: copying region 0x00000007
LDR|INFO: copying region 0x00000008
LDR|INFO: copying region 0x00000009
LDR|INFO: copying region 0x0000000a
LDR|INFO: Setting all interrupts to Group 1
LDR|INFO: GICv2 ITLinesNumber: 0x00000000
LDR|INFO: CurrentEL=EL2
LDR|INFO: Resetting CNTVOFF
LDR|INFO: enabling MMU
LDR|INFO: jumping to kernel
Bootstrapping kernel
Warning: Could not infer GIC interrupt target ID, assuming 0.
available phys memory regions: 1
  [60000000..c0000000]
reserved virt address space regions: 3
  [8060000000..8060246000]
  [8060246000..8062abe000]
  [8062abe000..8062ac5000]
Booting all finished, dropped to user space
MON|INFO: Microkit Bootstrap
MON|INFO: bootinfo untyped list matches expected list
MON|INFO: Number of bootstrap invocations: 0x0000000d
MON|INFO: Number of system invocations:    0x000028e4
MON|INFO: completed bootstrap invocations
MON|INFO: completed system invocations
vmm|INFO: starting "vmm"
vmm|INFO: Copying guest kernel image to 0x40000000 (0x21f8a00 bytes)
vmm|INFO: Copying guest DTB to 0x4f000000 (0x880 bytes)
vmm|INFO: Copying guest initial RAM disk to 0x4d700000 (0x5988df bytes)
vmm|INFO: initialised virtual GICv2 driver
vmm|INFO: Register passthrough IRQ 79 (channel: 0x2)
vmm|INFO: starting guest at 0x40000000, DTB at 0x4f000000, initial RAM disk at 0x4d700000
[    0.000000] Booting Linux on physical CPU 0x0000000000 [0x410fd034]
[    0.000000] Linux version 5.18.0 (ivanv@elementarydesktop) (aarch64-none-elf-gcc (GNU Toolchain for the A-profile Architecture 10.2-2020.11 (arm-10.16)) 10.2.1 20201103, GNU ld (GNU Toolchain for the A-profile Architecture 10.2-2020.11 (arm-10.16)) 2.35.1.20201028) #4 SMP PREEMPT Tue Mar 21 20:09:54 AEDT 2023
[    0.000000] Machine model: linux,dummy-virt
[    0.000000] earlycon: pl11 at MMIO 0x0000000009000000 (options '')
[    0.000000] printk: bootconsole [pl11] enabled
[    0.000000] efi: UEFI not found.
[    0.000000] NUMA: No NUMA configuration found
[    0.000000] NUMA: Faking a node at [mem 0x0000000040000000-0x000000004fffffff]
[    0.000000] NUMA: NODE_DATA [mem 0x4ff7cb40-0x4ff7efff]
[    0.000000] Zone ranges:
[    0.000000]   DMA      [mem 0x0000000040000000-0x000000004fffffff]
[    0.000000]   DMA32    empty
[    0.000000]   Normal   empty
[    0.000000] Movable zone start for each node
[    0.000000] Early memory node ranges
[    0.000000]   node   0: [mem 0x0000000040000000-0x000000004fffffff]
[    0.000000] Initmem setup node 0 [mem 0x0000000040000000-0x000000004fffffff]
[    0.000000] cma: Reserved 32 MiB at 0x000000004b400000
[    0.000000] psci: probing for conduit method from DT.
[    0.000000] psci: PSCIv1.2 detected in firmware.
[    0.000000] psci: Using standard PSCI v0.2 function IDs
[    0.000000] psci: Trusted OS migration not required
[    0.000000] psci: SMC Calling Convention v1.0
[    0.000000] percpu: Embedded 20 pages/cpu s44520 r8192 d29208 u81920
[    0.000000] pcpu-alloc: s44520 r8192 d29208 u81920 alloc=20*4096
[    0.000000] pcpu-alloc: [0] 0 
[    0.000000] Detected VIPT I-cache on CPU0
[    0.000000] CPU features: detected: ARM erratum 843419
[    0.000000] CPU features: detected: ARM erratum 845719
[    0.000000] Fallback order for Node 0: 0 
[    0.000000] Built 1 zonelists, mobility grouping on.  Total pages: 64512
[    0.000000] Policy zone: DMA
[    0.000000] Kernel command line: earlycon=pl011,0x9000000 earlyprintk=serial debug loglevel=8
[    0.000000] Unknown kernel command line parameters "earlyprintk=serial", will be passed to user space.
[    0.000000] Dentry cache hash table entries: 32768 (order: 6, 262144 bytes, linear)
[    0.000000] Inode-cache hash table entries: 16384 (order: 5, 131072 bytes, linear)
[    0.000000] mem auto-init: stack:off, heap alloc:off, heap free:off
[    0.000000] Memory: 179680K/262144K available (15808K kernel code, 3298K rwdata, 8740K rodata, 6784K init, 521K bss, 49696K reserved, 32768K cma-reserved)
[    0.000000] SLUB: HWalign=64, Order=0-3, MinObjects=0, CPUs=1, Nodes=1
[    0.000000] rcu: Preemptible hierarchical RCU implementation.
[    0.000000] rcu: 	RCU event tracing is enabled.
[    0.000000] rcu: 	RCU restricting CPUs from NR_CPUS=256 to nr_cpu_ids=1.
[    0.000000] 	Trampoline variant of Tasks RCU enabled.
[    0.000000] 	Tracing variant of Tasks RCU enabled.
[    0.000000] rcu: RCU calculated value of scheduler-enlistment delay is 25 jiffies.
[    0.000000] rcu: Adjusting geometry for rcu_fanout_leaf=16, nr_cpu_ids=1
[    0.000000] NR_IRQS: 64, nr_irqs: 64, preallocated irqs: 0
[    0.000000] Root IRQ handler: gic_handle_irq
[    0.000000] random: get_random_bytes called from start_kernel+0x478/0x66c with crng_init=0
[    0.000000] arch_timer: cp15 timer(s) running at 62.50MHz (virt).
[    0.000000] clocksource: arch_sys_counter: mask: 0x1ffffffffffffff max_cycles: 0x1cd42e208c, max_idle_ns: 881590405314 ns
[    0.000084] sched_clock: 57 bits at 62MHz, resolution 16ns, wraps every 4398046511096ns
[    0.007112] Console: colour dummy device 80x25
[    0.007706] printk: console [tty0] enabled
[    0.008279] printk: bootconsole [pl11] disabled
[    0.000000] Booting Linux on physical CPU 0x0000000000 [0x410fd034]
[    0.000000] Linux version 5.18.0 (ivanv@elementarydesktop) (aarch64-none-elf-gcc (GNU Toolchain for the A-profile Architecture 10.2-2020.11 (arm-10.16)) 10.2.1 20201103, GNU ld (GNU Toolchain for the A-profile Architecture 10.2-2020.11 (arm-10.16)) 2.35.1.20201028) #4 SMP PREEMPT Tue Mar 21 20:09:54 AEDT 2023
[    0.000000] Machine model: linux,dummy-virt
[    0.000000] earlycon: pl11 at MMIO 0x0000000009000000 (options '')
[    0.000000] printk: bootconsole [pl11] enabled
[    0.000000] efi: UEFI not found.
[    0.000000] NUMA: No NUMA configuration found
[    0.000000] NUMA: Faking a node at [mem 0x0000000040000000-0x000000004fffffff]
[    0.000000] NUMA: NODE_DATA [mem 0x4ff7cb40-0x4ff7efff]
[    0.000000] Zone ranges:
[    0.000000]   DMA      [mem 0x0000000040000000-0x000000004fffffff]
[    0.000000]   DMA32    empty
[    0.000000]   Normal   empty
[    0.000000] Movable zone start for each node
[    0.000000] Early memory node ranges
[    0.000000]   node   0: [mem 0x0000000040000000-0x000000004fffffff]
[    0.000000] Initmem setup node 0 [mem 0x0000000040000000-0x000000004fffffff]
[    0.000000] cma: Reserved 32 MiB at 0x000000004b400000
[    0.000000] psci: probing for conduit method from DT.
[    0.000000] psci: PSCIv1.2 detected in firmware.
[    0.000000] psci: Using standard PSCI v0.2 function IDs
[    0.000000] psci: Trusted OS migration not required
[    0.000000] psci: SMC Calling Convention v1.0
[    0.000000] percpu: Embedded 20 pages/cpu s44520 r8192 d29208 u81920
[    0.000000] pcpu-alloc: s44520 r8192 d29208 u81920 alloc=20*4096
[    0.000000] pcpu-alloc: [0] 0 
[    0.000000] Detected VIPT I-cache on CPU0
[    0.000000] CPU features: detected: ARM erratum 843419
[    0.000000] CPU features: detected: ARM erratum 845719
[    0.000000] Fallback order for Node 0: 0 
[    0.000000] Built 1 zonelists, mobility grouping on.  Total pages: 64512
[    0.000000] Policy zone: DMA
[    0.000000] Kernel command line: earlycon=pl011,0x9000000 earlyprintk=serial debug loglevel=8
[    0.000000] Unknown kernel command line parameters "earlyprintk=serial", will be passed to user space.
[    0.000000] Dentry cache hash table entries: 32768 (order: 6, 262144 bytes, linear)
[    0.000000] Inode-cache hash table entries: 16384 (order: 5, 131072 bytes, linear)
[    0.000000] mem auto-init: stack:off, heap alloc:off, heap free:off
[    0.000000] Memory: 179680K/262144K available (15808K kernel code, 3298K rwdata, 8740K rodata, 6784K init, 521K bss, 49696K reserved, 32768K cma-reserved)
[    0.000000] SLUB: HWalign=64, Order=0-3, MinObjects=0, CPUs=1, Nodes=1
[    0.000000] rcu: Preemptible hierarchical RCU implementation.
[    0.000000] rcu: 	RCU event tracing is enabled.
[    0.000000] rcu: 	RCU restricting CPUs from NR_CPUS=256 to nr_cpu_ids=1.
[    0.000000] 	Trampoline variant of Tasks RCU enabled.
[    0.000000] 	Tracing variant of Tasks RCU enabled.
[    0.000000] rcu: RCU calculated value of scheduler-enlistment delay is 25 jiffies.
[    0.000000] rcu: Adjusting geometry for rcu_fanout_leaf=16, nr_cpu_ids=1
[    0.000000] NR_IRQS: 64, nr_irqs: 64, preallocated irqs: 0
[    0.000000] Root IRQ handler: gic_handle_irq
[    0.000000] random: get_random_bytes called from start_kernel+0x478/0x66c with crng_init=0
[    0.000000] arch_timer: cp15 timer(s) running at 62.50MHz (virt).
[    0.000000] clocksource: arch_sys_counter: mask: 0x1ffffffffffffff max_cycles: 0x1cd42e208c, max_idle_ns: 881590405314 ns
[    0.000084] sched_clock: 57 bits at 62MHz, resolution 16ns, wraps every 4398046511096ns
[    0.007112] Console: colour dummy device 80x25
[    0.007706] printk: console [tty0] enabled
[    0.008279] printk: bootconsole [pl11] disabled
[    0.010854] Calibrating delay loop (skipped), value calculated using timer frequency.. 125.00 BogoMIPS (lpj=250000)
[    0.011045] pid_max: default: 32768 minimum: 301
[    0.012503] LSM: Security Framework initializing
[    0.015682] Mount-cache hash table entries: 512 (order: 0, 4096 bytes, linear)
[    0.015772] Mountpoint-cache hash table entries: 512 (order: 0, 4096 bytes, linear)
[    0.055489] cblist_init_generic: Setting adjustable number of callback queues.
[    0.055671] cblist_init_generic: Setting shift to 0 and lim to 1.
[    0.056112] cblist_init_generic: Setting shift to 0 and lim to 1.
[    0.058841] rcu: Hierarchical SRCU implementation.
[    0.064117] EFI services will not be available.
[    0.065521] smp: Bringing up secondary CPUs ...
[    0.065641] smp: Brought up 1 node, 1 CPU
[    0.065689] SMP: Total of 1 processors activated.
[    0.066746] CPU features: detected: 32-bit EL0 Support
[    0.066789] CPU features: detected: 32-bit EL1 Support
[    0.066921] CPU features: detected: CRC32 instructions
[    0.073558] CPU: All CPU(s) started at EL1
[    0.074073] alternatives: patching kernel code
[    0.090401] devtmpfs: initialized
[    0.099835] KASLR disabled due to lack of seed
[    0.101111] clocksource: jiffies: mask: 0xffffffff max_cycles: 0xffffffff, max_idle_ns: 7645041785100000 ns
[    0.101384] futex hash table entries: 256 (order: 2, 16384 bytes, linear)
[    0.106558] pinctrl core: initialized pinctrl subsystem
[    0.117714] DMI not present or invalid.
[    0.126101] NET: Registered PF_NETLINK/PF_ROUTE protocol family
[    0.139331] DMA: preallocated 128 KiB GFP_KERNEL pool for atomic allocations
[    0.140055] DMA: preallocated 128 KiB GFP_KERNEL|GFP_DMA pool for atomic allocations
[    0.140339] DMA: preallocated 128 KiB GFP_KERNEL|GFP_DMA32 pool for atomic allocations
[    0.141137] audit: initializing netlink subsys (disabled)
[    0.145626] audit: type=2000 audit(0.128:1): state=initialized audit_enabled=0 res=1
[    0.150030] thermal_sys: Registered thermal governor 'step_wise'
[    0.150094] thermal_sys: Registered thermal governor 'power_allocator'
[    0.150842] cpuidle: using governor menu
[    0.151981] hw-breakpoint: found 6 breakpoint and 4 watchpoint registers.
[    0.152416] ASID allocator initialised with 65536 entries
[    0.157393] Serial: AMBA PL011 UART driver
[    0.171568] 9000000.pl011: ttyAMA0 at MMIO 0x9000000 (irq = 14, base_baud = 0) is a PL011 rev1
[    0.192844] printk: console [ttyAMA0] enabled
[    0.229958] HugeTLB registered 1.00 GiB page size, pre-allocated 0 pages
[    0.230432] HugeTLB registered 32.0 MiB page size, pre-allocated 0 pages
[    0.230674] HugeTLB registered 2.00 MiB page size, pre-allocated 0 pages
[    0.230883] HugeTLB registered 64.0 KiB page size, pre-allocated 0 pages
[    0.241339] ACPI: Interpreter disabled.
[    0.245683] iommu: Default domain type: Translated 
[    0.245977] iommu: DMA domain TLB invalidation policy: strict mode 
[    0.247456] SCSI subsystem initialized
[    0.248400] libata version 3.00 loaded.
[    0.250292] usbcore: registered new interface driver usbfs
[    0.250746] usbcore: registered new interface driver hub
[    0.251141] usbcore: registered new device driver usb
[    0.252639] pps_core: LinuxPPS API ver. 1 registered
[    0.253066] pps_core: Software ver. 5.3.6 - Copyright 2005-2007 Rodolfo Giometti <giometti@linux.it>
[    0.254277] PTP clock support registered
[    0.255061] EDAC MC: Ver: 3.0.0
[    0.259345] FPGA manager framework
[    0.260276] Advanced Linux Sound Architecture Driver Initialized.
[    0.271568] vgaarb: loaded
[    0.274869] clocksource: Switched to clocksource arch_sys_counter
[    0.278047] VFS: Disk quotas dquot_6.6.0
[    0.278475] VFS: Dquot-cache hash table entries: 512 (order 0, 4096 bytes)
[    0.281228] pnp: PnP ACPI: disabled
[    0.300758] NET: Registered PF_INET protocol family
[    0.302512] IP idents hash table entries: 4096 (order: 3, 32768 bytes, linear)
[    0.308606] tcp_listen_portaddr_hash hash table entries: 256 (order: 0, 4096 bytes, linear)
[    0.309499] TCP established hash table entries: 2048 (order: 2, 16384 bytes, linear)
[    0.309901] TCP bind hash table entries: 2048 (order: 3, 32768 bytes, linear)
[    0.310376] TCP: Hash tables configured (established 2048 bind 2048)
[    0.312090] UDP hash table entries: 256 (order: 1, 8192 bytes, linear)
[    0.312765] UDP-Lite hash table entries: 256 (order: 1, 8192 bytes, linear)
[    0.314566] NET: Registered PF_UNIX/PF_LOCAL protocol family
[    0.317813] RPC: Registered named UNIX socket transport module.
[    0.318139] RPC: Registered udp transport module.
[    0.318327] RPC: Registered tcp transport module.
[    0.318488] RPC: Registered tcp NFSv4.1 backchannel transport module.
[    0.319390] PCI: CLS 0 bytes, default 64
[    0.324255] Unpacking initramfs...
[    0.330354] hw perfevents: enabled with armv8_pmuv3 PMU driver, 5 counters available
[    0.335987] kvm [1]: HYP mode not available
[    0.340191] Initialise system trusted keyrings
[    0.347702] workingset: timestamp_bits=42 max_order=16 bucket_order=0
[    0.379660] squashfs: version 4.0 (2009/01/31) Phillip Lougher
[    0.389051] NFS: Registering the id_resolver key type
[    0.389694] Key type id_resolver registered
[    0.389900] Key type id_legacy registered
[    0.390465] nfs4filelayout_init: NFSv4 File Layout Driver Registering...
[    0.391663] nfs4flexfilelayout_init: NFSv4 Flexfile Layout Driver Registering...
[    0.392841] 9p: Installing v9fs 9p2000 file system support
[    0.449495] Key type asymmetric registered
[    0.449805] Asymmetric key parser 'x509' registered
[    0.450518] Block layer SCSI generic (bsg) driver version 0.4 loaded (major 245)
[    0.455437] io scheduler mq-deadline registered
[    0.455933] io scheduler kyber registered
[    0.508504] EINJ: ACPI disabled.
[    0.567964] Serial: 8250/16550 driver, 4 ports, IRQ sharing enabled
[    0.579790] SuperH (H)SCI(F) driver initialized
[    0.581050] msm_serial: driver initialized
[    0.588817] cacheinfo: Unable to detect cache hierarchy for CPU 0
[    0.630121] loop: module loaded
[    0.633485] megasas: 07.719.03.00-rc1
[    0.664466] tun: Universal TUN/TAP device driver, 1.6
[    0.692539] thunder_xcv, ver 1.0
[    0.692880] thunder_bgx, ver 1.0
[    0.693210] nicpf, ver 1.0
[    0.700181] hns3: Hisilicon Ethernet Network Driver for Hip08 Family - version
[    0.700515] hns3: Copyright (c) 2017 Huawei Corporation.
[    0.701251] hclge is initializing
[    0.701532] e1000: Intel(R) PRO/1000 Network Driver
[    0.701725] e1000: Copyright (c) 1999-2006 Intel Corporation.
[    0.702199] e1000e: Intel(R) PRO/1000 Network Driver
[    0.702397] e1000e: Copyright(c) 1999 - 2015 Intel Corporation.
[    0.702684] igb: Intel(R) Gigabit Ethernet Network Driver
[    0.707175] igb: Copyright (c) 2007-2014 Intel Corporation.
[    0.707717] igbvf: Intel(R) Gigabit Virtual Function Network Driver
[    0.707959] igbvf: Copyright (c) 2009 - 2012 Intel Corporation.
[    0.708840] sky2: driver version 1.30
[    0.715640] VFIO - User Level meta-driver version: 0.3
[    0.720418] ehci_hcd: USB 2.0 'Enhanced' Host Controller (EHCI) Driver
[    0.721019] ehci-pci: EHCI PCI platform driver
[    0.721383] ehci-platform: EHCI generic platform driver
[    0.721768] ehci-orion: EHCI orion driver
[    0.722102] ehci-exynos: EHCI Exynos driver
[    0.722443] ohci_hcd: USB 1.1 'Open' Host Controller (OHCI) Driver
[    0.727343] ohci-pci: OHCI PCI platform driver
[    0.727926] ohci-platform: OHCI generic platform driver
[    0.728524] ohci-exynos: OHCI Exynos driver
[    0.730106] usbcore: registered new interface driver usb-storage
[    0.746110] i2c_dev: i2c /dev entries driver
[    0.771753] sdhci: Secure Digital Host Controller Interface driver
[    0.772226] sdhci: Copyright(c) Pierre Ossman
[    0.773299] Synopsys Designware Multimedia Card Interface Driver
[    0.779455] sdhci-pltfm: SDHCI platform and OF driver helper
[    0.787111] ledtrig-cpu: registered to indicate activity on CPUs
[    0.796682] usbcore: registered new interface driver usbhid
[    0.796980] usbhid: USB HID core driver
[    0.824014] NET: Registered PF_PACKET protocol family
[    0.825488] 9pnet: Installing 9P2000 support
[    0.826016] Key type dns_resolver registered
[    0.831772] registered taskstats version 1
[    0.832172] Loading compiled-in X.509 certificates
[    0.934586] ALSA device list:
[    0.935420]   No soundcards found.
[    0.975183] Freeing initrd memory: 9216K
[    0.979992] uart-pl011 9000000.pl011: no DMA platform data
[    1.025484] Freeing unused kernel memory: 6784K
[    1.026621] Run /init as init process
[    1.027344]   with arguments:
[    1.027528]     /init
[    1.027652]   with environment:
[    1.027998]     HOME=/
[    1.028205]     TERM=linux
[    1.028300]     earlyprintk=serial
Starting syslogd: OK
Starting klogd: OK
Running sysctl: OK
Saving random seed: [    4.372126] random: crng init done
OK
Starting network: OK
udhcpc: started, v1.35.0
udhcpc: broadcasting discover
udhcpc: broadcasting select for 10.0.2.15, server 10.0.2.2
udhcpc: lease of 10.0.2.15 obtained from 10.0.2.2, lease time 86400
deleting routers
adding dns 10.0.2.3
Linux user-space: Send request to trustworthy.systems/projects/microkit/tutorial/word
Linux user-space: Received word
Linux user-space: Transfer word to virtual-machine monitor
WORDLE SERVER: starting
SERIAL SERVER: starting
CLIENT: starting
Welcome to the Wordle client!
[ ] [ ] [ ] [ ] [ ] 
[ ] [ ] [ ] [ ] [ ] 
[ ] [ ] [ ] [ ] [ ] 
[ ] [ ] [ ] [ ] [ ] 
[ ] [ ] [ ] [ ] [ ] 
[5A[0J[a[0m] [ ] [ ] [ ] [ ] 
[ ] [ ] [ ] [ ] [ ] 
[ ] [ ] [ ] [ ] [ ] 
[ ] [ ] [ ] [ ] [ ] 
[ ] [ ] [ ] [ ] [ ] 
QEMU: Terminated
